// Jest Snapshot v1, https://goo.gl/fbAQLP

exports[`SubmitButton renders 1`] = `
<DocumentFragment>
  <button
    class="MuiButtonBase-root MuiButton-root WithStyles(ForwardRef(Button))-root-1 MuiButton-contained MuiButton-containedPrimary MuiButton-containedSizeLarge MuiButton-sizeLarge MuiButton-fullWidth"
    data-testid="button"
    tabindex="0"
    type="button"
  >
    <span
      class="MuiButton-label"
    >
      Run Simulation
    </span>
    <span
      class="MuiTouchRipple-root"
    />
  </button>
</DocumentFragment>
`;
